[31m[1m19:03:23[22m [ERROR] [@astrojs/node][39m Unhandled rejection while rendering undefined
Error: listen EADDRINUSE: address already in use 127.0.0.1:4321
    at Server.setupListenHandle [as _listen2] (node:net:1941:16)
    at listenInCluster (node:net:1998:12)
    at node:net:2207:7
    at process.processTicksAndRejections (node:internal/process/task_queues:89:21) {
  code: 'EADDRINUSE',
  errno: -4091,
  syscall: 'listen',
  address: '127.0.0.1',
  port: 4321
}
[31m[1m19:03:23[22m [ERROR] [@astrojs/node][39m Unhandled rejection while rendering undefined
Error: listen EADDRINUSE: address already in use 127.0.0.1:4321
    at Server.setupListenHandle [as _listen2] (node:net:1941:16)
    at listenInCluster (node:net:1998:12)
    at node:net:2207:7
    at process.processTicksAndRejections (node:internal/process/task_queues:89:21) {
  code: 'EADDRINUSE',
  errno: -4091,
  syscall: 'listen',
  address: '127.0.0.1',
  port: 4321
}
